// Jest Snapshot v1, https://goo.gl/fbAQLP

exports[`components/commons/Button.vue match snapshot 1`] = `
<button
  class="btn"
  type=""
/>
`;
