// Jest Snapshot v1, https://goo.gl/fbAQLP

exports[`components/commons/ErrorBox.vue match snapshot 1`] = `
<div
  class="error-box"
/>
`;
