// Jest Snapshot v1, https://goo.gl/fbAQLP

exports[`components/commons/Form.vue match snapshot 1`] = `<div />`;
