// Jest Snapshot v1, https://goo.gl/fbAQLP

exports[`components/commons/LinkButton.vue match snapshot 1`] = `
<a
  class="btn"
/>
`;
