// Jest Snapshot v1, https://goo.gl/fbAQLP

exports[`components/commons/LoadingModal.vue match snapshot 1`] = `
<div>
  <transition-stub
    name="fade"
  >
    <!---->
  </transition-stub>
</div>
`;
